mode: atomic
github.com/nullpo7z/vantyx/internal/netutil/ipv6.go:11.66,12.13 1 6
github.com/nullpo7z/vantyx/internal/netutil/ipv6.go:12.13,14.3 1 1
github.com/nullpo7z/vantyx/internal/netutil/ipv6.go:16.2,18.45 3 5
github.com/nullpo7z/vantyx/internal/netutil/ipv6.go:18.45,21.3 2 2
github.com/nullpo7z/vantyx/internal/netutil/ipv6.go:23.2,24.54 2 5
github.com/nullpo7z/vantyx/internal/netutil/ipv6.go:24.54,26.3 1 2
github.com/nullpo7z/vantyx/internal/netutil/ipv6.go:28.2,29.16 2 3
github.com/nullpo7z/vantyx/internal/netutil/ipv6.go:29.16,31.17 2 2
github.com/nullpo7z/vantyx/internal/netutil/ipv6.go:31.17,33.4 1 1
github.com/nullpo7z/vantyx/internal/netutil/ipv6.go:34.3,34.14 1 1
github.com/nullpo7z/vantyx/internal/netutil/ipv6.go:37.2,37.23 1 2
github.com/nullpo7z/vantyx/internal/session/manager.go:30.28,35.2 1 3
github.com/nullpo7z/vantyx/internal/session/manager.go:38.80,42.41 3 4
github.com/nullpo7z/vantyx/internal/session/manager.go:42.41,44.3 1 1
github.com/nullpo7z/vantyx/internal/session/manager.go:47.2,58.12 4 3
github.com/nullpo7z/vantyx/internal/session/manager.go:58.12,65.3 5 3
github.com/nullpo7z/vantyx/internal/session/manager.go:67.2,67.18 1 3
github.com/nullpo7z/vantyx/internal/session/manager.go:71.32,75.33 3 1
github.com/nullpo7z/vantyx/internal/session/manager.go:75.33,77.3 1 1
github.com/nullpo7z/vantyx/internal/session/manager.go:81.31,85.9 4 2
github.com/nullpo7z/vantyx/internal/session/manager.go:85.9,87.3 1 0
github.com/nullpo7z/vantyx/internal/session/manager.go:89.2,90.13 2 2
github.com/nullpo7z/vantyx/internal/session/manager.go:94.36,99.29 4 2
github.com/nullpo7z/vantyx/internal/session/manager.go:99.29,101.3 1 1
github.com/nullpo7z/vantyx/internal/session/manager.go:102.2,102.12 1 2
github.com/nullpo7z/vantyx/internal/httpapi/router.go:20.20,30.2 5 2
github.com/nullpo7z/vantyx/internal/httpapi/router.go:33.40,39.65 3 2
github.com/nullpo7z/vantyx/internal/httpapi/router.go:39.65,42.3 2 0
github.com/nullpo7z/vantyx/internal/httpapi/router.go:45.2,47.10 2 2
github.com/nullpo7z/vantyx/internal/httpapi/router.go:60.67,62.61 2 2
github.com/nullpo7z/vantyx/internal/httpapi/router.go:62.61,65.3 2 0
github.com/nullpo7z/vantyx/internal/httpapi/router.go:66.2,67.16 2 2
github.com/nullpo7z/vantyx/internal/httpapi/router.go:67.16,70.3 2 1
github.com/nullpo7z/vantyx/internal/httpapi/router.go:72.2,73.16 2 1
github.com/nullpo7z/vantyx/internal/httpapi/router.go:73.16,76.3 2 0
github.com/nullpo7z/vantyx/internal/httpapi/router.go:78.2,91.4 4 1
github.com/nullpo7z/vantyx/internal/httpapi/router.go:94.65,95.71 1 2
github.com/nullpo7z/vantyx/internal/httpapi/router.go:95.71,97.34 2 2
github.com/nullpo7z/vantyx/internal/httpapi/router.go:97.34,100.4 2 2
github.com/nullpo7z/vantyx/internal/httpapi/router.go:101.3,101.59 1 0
github.com/nullpo7z/vantyx/internal/httpapi/router.go:101.59,103.4 1 0
github.com/nullpo7z/vantyx/internal/httpapi/router.go:104.3,104.23 1 0
github.com/nullpo7z/vantyx/internal/auth/password.go:15.49,16.17 1 4
github.com/nullpo7z/vantyx/internal/auth/password.go:16.17,18.3 1 1
github.com/nullpo7z/vantyx/internal/auth/password.go:19.2,20.16 2 3
github.com/nullpo7z/vantyx/internal/auth/password.go:20.16,22.3 1 0
github.com/nullpo7z/vantyx/internal/auth/password.go:23.2,23.28 1 3
github.com/nullpo7z/vantyx/internal/auth/password.go:27.48,28.33 1 6
github.com/nullpo7z/vantyx/internal/auth/password.go:28.33,30.3 1 2
github.com/nullpo7z/vantyx/internal/auth/password.go:31.2,32.19 2 4
github.com/nullpo7z/vantyx/internal/auth/session.go:30.71,36.2 1 2
github.com/nullpo7z/vantyx/internal/auth/session.go:39.72,40.18 1 2
github.com/nullpo7z/vantyx/internal/auth/session.go:40.18,42.3 1 0
github.com/nullpo7z/vantyx/internal/auth/session.go:43.2,44.16 2 2
github.com/nullpo7z/vantyx/internal/auth/session.go:44.16,46.3 1 0
github.com/nullpo7z/vantyx/internal/auth/session.go:47.2,59.18 6 2
github.com/nullpo7z/vantyx/internal/auth/session.go:63.65,67.9 4 2
github.com/nullpo7z/vantyx/internal/auth/session.go:67.9,69.3 1 0
github.com/nullpo7z/vantyx/internal/auth/session.go:70.2,70.35 1 2
github.com/nullpo7z/vantyx/internal/auth/session.go:70.35,73.3 2 1
github.com/nullpo7z/vantyx/internal/auth/session.go:74.2,74.18 1 1
github.com/nullpo7z/vantyx/internal/auth/session.go:78.50,82.2 3 1
github.com/nullpo7z/vantyx/internal/auth/session.go:84.38,86.40 2 2
github.com/nullpo7z/vantyx/internal/auth/session.go:86.40,88.3 1 0
github.com/nullpo7z/vantyx/internal/auth/session.go:89.2,89.35 1 2
github.com/nullpo7z/vantyx/internal/auth/user.go:29.48,34.2 1 2
github.com/nullpo7z/vantyx/internal/auth/user.go:37.91,38.32 1 4
github.com/nullpo7z/vantyx/internal/auth/user.go:38.32,40.3 1 0
github.com/nullpo7z/vantyx/internal/auth/user.go:42.2,45.29 3 4
github.com/nullpo7z/vantyx/internal/auth/user.go:45.29,47.3 1 1
github.com/nullpo7z/vantyx/internal/auth/user.go:48.2,48.37 1 3
github.com/nullpo7z/vantyx/internal/auth/user.go:48.37,50.3 1 1
github.com/nullpo7z/vantyx/internal/auth/user.go:52.2,53.16 2 2
github.com/nullpo7z/vantyx/internal/auth/user.go:53.16,55.3 1 0
github.com/nullpo7z/vantyx/internal/auth/user.go:57.2,64.15 4 2
github.com/nullpo7z/vantyx/internal/auth/user.go:68.89,72.9 4 2
github.com/nullpo7z/vantyx/internal/auth/user.go:72.9,74.3 1 0
github.com/nullpo7z/vantyx/internal/auth/user.go:75.2,75.52 1 2
github.com/nullpo7z/vantyx/internal/auth/user.go:75.52,77.3 1 1
github.com/nullpo7z/vantyx/internal/auth/user.go:78.2,78.15 1 1
